[themesbrand.com/toner/html/backend/index.html]
[backblue.gif]
[fade.gif]
[index.html]
[themesbrand.com/toner/html/assets/libs/jsvectormap/css/jsvectormap.min.css]
[themesbrand.com/toner/html/assets/libs/swiper/swiper-bundle.min.css]
[themesbrand.com/toner/html/assets/js/layout.js]
[themesbrand.com/toner/html/assets/css/bootstrap.min.css]
[themesbrand.com/toner/html/assets/css/app.min.css]
[themesbrand.com/toner/html/assets/css/icons.min.css]
[themesbrand.com/toner/html/assets/images/logo-sm.png]
[themesbrand.com/toner/html/assets/images/logo-dark.png]
[themesbrand.com/toner/html/assets/images/logo-light.png]
[themesbrand.com/toner/html/backend/brands.html]
[themesbrand.com/toner/html/assets/images/brands/img-2.png]
[themesbrand.com/toner/html/assets/images/brands/img-3.png]
[themesbrand.com/toner/html/assets/images/brands/img-13.png]
[themesbrand.com/toner/html/assets/images/brands/img-5.png]
[themesbrand.com/toner/html/assets/images/brands/img-6.png]
[themesbrand.com/toner/html/assets/images/brands/img-4.png]
[themesbrand.com/toner/html/assets/images/products/img-1.png]
[themesbrand.com/toner/html/assets/images/products/img-2.png]
[themesbrand.com/toner/html/assets/images/products/img-3.png]
[themesbrand.com/toner/html/assets/images/products/img-6.png]
[themesbrand.com/toner/html/assets/images/products/img-5.png]
[themesbrand.com/toner/html/assets/images/users/avatar-2.jpg]
[themesbrand.com/toner/html/assets/images/users/avatar-8.jpg]
[themesbrand.com/toner/html/assets/images/users/avatar-1.jpg]
[themesbrand.com/toner/html/backend/account.html]
[themesbrand.com/toner/html/backend/calendar.html]
[themesbrand.com/toner/html/backend/product-list.html]
[themesbrand.com/toner/html/backend/account-settings.html]
[themesbrand.com/toner/html/backend/auth-logout-basic.html]
[themesbrand.com/toner/html/assets/images/users/avatar-7.jpg]
[themesbrand.com/toner/html/assets/images/users/avatar-5.jpg]
[themesbrand.com/toner/html/backend/product-grid.html]
[themesbrand.com/toner/html/backend/product-overview.html]
[themesbrand.com/toner/html/backend/product-create.html]
[themesbrand.com/toner/html/backend/categories.html]
[themesbrand.com/toner/html/backend/sub-categories.html]
[themesbrand.com/toner/html/backend/orders-list-view.html]
[themesbrand.com/toner/html/backend/orders-overview.html]
[themesbrand.com/toner/html/backend/sellers-list-view.html]
[themesbrand.com/toner/html/backend/sellers-grid-view.html]
[themesbrand.com/toner/html/backend/seller-overview.html]
[themesbrand.com/toner/html/backend/invoices-list.html]
[themesbrand.com/toner/html/backend/invoices-details.html]
[themesbrand.com/toner/html/backend/invoices-create.html]
[themesbrand.com/toner/html/backend/users-list.html]
[themesbrand.com/toner/html/backend/shipping-list.html]
[themesbrand.com/toner/html/backend/shipments.html]
[themesbrand.com/toner/html/backend/coupons.html]
[themesbrand.com/toner/html/backend/reviews-ratings.html]
[themesbrand.com/toner/html/backend/statistics.html]
[themesbrand.com/toner/html/backend/transactions.html]
[themesbrand.com/toner/html/backend/currency-rates.html]
[themesbrand.com/toner/html/backend/auth-signup-basic.html]
[themesbrand.com/toner/html/backend/auth-signin-basic.html]
[themesbrand.com/toner/html/backend/auth-pass-reset-basic.html]
[themesbrand.com/toner/html/backend/auth-pass-change-basic.html]
[themesbrand.com/toner/html/backend/auth-success-msg-basic.html]
[themesbrand.com/toner/html/backend/auth-twostep-basic.html]
[themesbrand.com/toner/html/backend/auth-404.html]
[themesbrand.com/toner/html/backend/auth-500.html]
[themesbrand.com/toner/html/backend/coming-soon.html]
[themesbrand.com/toner/html/assets/images/sidebar/body-light-1.png]
[themesbrand.com/toner/html/assets/images/users/avatar-4.jpg]
[themesbrand.com/toner/html/assets/images/users/avatar-3.jpg]
[themesbrand.com/toner/html/assets/images/users/avatar-10.jpg]
[themesbrand.com/toner/html/assets/images/users/avatar-9.jpg]
[themesbrand.com/toner/html/assets/images/products/img-4.png]
[themesbrand.com/toner/html/assets/images/products/img-8.png]
[themesbrand.com/toner/html/assets/images/products/img-9.png]
[themesbrand.com/toner/html/assets/images/users/avatar-6.jpg]
[themesbrand.com/toner/html/assets/images/sidebar/body-light-2.png]
[themesbrand.com/toner/html/assets/images/sidebar/body-light-3.png]
[themesbrand.com/toner/html/assets/images/sidebar/img-1.jpg]
[themesbrand.com/toner/html/assets/images/sidebar/img-2.jpg]
[themesbrand.com/toner/html/assets/images/sidebar/img-3.jpg]
[themesbrand.com/toner/html/assets/images/sidebar/img-4.jpg]
[themesbrand.com/toner/html/assets/libs/bootstrap/js/bootstrap.bundle.min.js]
[themesbrand.com/toner/html/assets/libs/simplebar/simplebar.min.js]
[themesbrand.com/toner/html/assets/js/plugins.js]
[themesbrand.com/toner/html/assets/libs/apexcharts/apexcharts.min.js]
[themesbrand.com/toner/html/assets/libs/jsvectormap/js/jsvectormap.min.js]
[themesbrand.com/toner/html/assets/libs/jsvectormap/maps/world-merc.js]
[themesbrand.com/toner/html/assets/libs/swiper/swiper-bundle.min.js]
[themesbrand.com/toner/html/assets/js/pages/dashboard-ecommerce.init.js]
[themesbrand.com/toner/html/backend/index.html]
[themesbrand.com/toner/html/assets/libs/jsvectormap/css/jsvectormap.min.css]
[themesbrand.com/toner/html/assets/libs/swiper/swiper-bundle.min.css]
[themesbrand.com/toner/html/assets/css/bootstrap.min.css]
[themesbrand.com/toner/html/assets/js/app.js]
[themesbrand.com/toner/html/assets/css/icons.min.css]
[themesbrand.com/toner/html/assets/css/app.min.css]
[themesbrand.com/toner/html/assets/css/custom.min.css]
[themesbrand.com/toner/html/assets/js/backend/brands-list.init.js]
[themesbrand.com/toner/html/backend/brands.html]
[themesbrand.com/toner/html/backend/apps-ecommerce-products.html]
[themesbrand.com/toner/html/backend/apps-ecommerce-product-details.html]
[themesbrand.com/toner/html/backend/apps-ecommerce-checkout.html]
[themesbrand.com/toner/html/assets/images/products/img-10.png]
[themesbrand.com/toner/html/assets/images/products/img-15.png]
[themesbrand.com/toner/html/assets/images/products/img-7.png]
[themesbrand.com/toner/html/assets/js/backend/account.init.js]
[themesbrand.com/toner/html/backend/account.html]
[themesbrand.com/toner/html/assets/libs/fullcalendar/index.global.min.js]
[themesbrand.com/toner/html/backend/calendar.html]
[themesbrand.com/toner/html/assets/js/backend/calendar.init.js]
[themesbrand.com/toner/html/assets/libs/nouislider/nouislider.min.css]
[themesbrand.com/toner/html/assets/libs/gridjs/theme/mermaid.min.css]
[themesbrand.com/toner/html/assets/libs/nouislider/nouislider.min.js]
[themesbrand.com/toner/html/assets/libs/wnumb/wNumb.min.js]
[themesbrand.com/toner/html/assets/libs/gridjs/gridjs.umd.js]
[themesbrand.com/toner/html/backend/product-list.html]
[themesbrand.com/toner/html/assets/js/backend/product-list.init.js]
[themesbrand.com/toner/html/assets/js/pages/password-match.init.js]
[themesbrand.com/toner/html/backend/account-settings.html]
[themesbrand.com/toner/html/assets/images/auth/img-1.png]
[themesbrand.com/toner/html/backend/auth-logout-basic.html]
[themesbrand.com/toner/html/assets/js/backend/product-grid.init.js]
[themesbrand.com/toner/html/backend/product-grid.html]
[themesbrand.com/toner/html/assets/images/products/img-31.png]
[themesbrand.com/toner/html/assets/images/products/img-32.png]
[themesbrand.com/toner/html/assets/images/products/img-33.png]
[themesbrand.com/toner/html/assets/images/products/img-34.png]
[themesbrand.com/toner/html/assets/js/backend/product-details.init.js]
[themesbrand.com/toner/html/backend/product-overview.html]
[themesbrand.com/toner/html/assets/libs/dropzone/dropzone.css]
[themesbrand.com/toner/html/assets/libs/@ckeditor/ckeditor5-build-classic/build/ckeditor.js]
[themesbrand.com/toner/html/assets/libs/dropzone/dropzone-min.js]
[themesbrand.com/toner/html/backend/product-create.html]
[themesbrand.com/toner/html/assets/js/backend/create-product.init.js]
[themesbrand.com/toner/html/assets/images/ecommerce/headphone.png]
[themesbrand.com/toner/html/assets/images/ecommerce/smart-watch.png]
[themesbrand.com/toner/html/assets/images/ecommerce/sofa.png]
[themesbrand.com/toner/html/assets/images/ecommerce/clothes.png]
[themesbrand.com/toner/html/assets/images/ecommerce/baby-shoe.png]
[themesbrand.com/toner/html/assets/images/ecommerce/light-bulb.png]
[themesbrand.com/toner/html/assets/images/ecommerce/cosmetics.png]
[themesbrand.com/toner/html/assets/images/ecommerce/book.png]
[themesbrand.com/toner/html/backend/categories.html]
[themesbrand.com/toner/html/assets/js/backend/product-categories.init.js]
[themesbrand.com/toner/html/assets/js/backend/product-sub-categories.init.js]
[themesbrand.com/toner/html/backend/sub-categories.html]
[themesbrand.com/toner/html/assets/libs/sweetalert2/sweetalert2.min.css]
[themesbrand.com/toner/html/assets/libs/list.js/list.min.js]
[themesbrand.com/toner/html/assets/libs/list.pagination.js/list.pagination.min.js]
[themesbrand.com/toner/html/assets/libs/sweetalert2/sweetalert2.min.js]
[themesbrand.com/toner/html/backend/orders-list-view.html]
[themesbrand.com/toner/html/assets/js/backend/order-list.init.js]
[themesbrand.com/toner/html/backend/orders-overview.html]
[themesbrand.com/toner/html/assets/js/backend/sellers-list.init.js]
[themesbrand.com/toner/html/backend/sellers-list-view.html]
[themesbrand.com/toner/html/assets/js/backend/sellers-grid-list.init.js]
[themesbrand.com/toner/html/backend/sellers-grid-view.html]
[themesbrand.com/toner/html/assets/images/profile-bg.jpg]
[themesbrand.com/toner/html/assets/images/companies/img-3.png]
[themesbrand.com/toner/html/assets/images/products/img-14.png]
[themesbrand.com/toner/html/assets/images/products/img-11.png]
[themesbrand.com/toner/html/backend/seller-overview.html]
[themesbrand.com/toner/html/assets/js/backend/invoiceslist.init.js]
[themesbrand.com/toner/html/backend/invoices-list.html]
[themesbrand.com/toner/html/assets/js/backend/invoicedetails.js]
[themesbrand.com/toner/html/backend/invoices-details.html]
[themesbrand.com/toner/html/assets/libs/cleave.js/cleave.min.js]
[themesbrand.com/toner/html/backend/invoices-create.html]
[themesbrand.com/toner/html/assets/js/backend/invoicecreate.init.js]
[themesbrand.com/toner/html/assets/images/users/user-dummy-img.jpg]
[themesbrand.com/toner/html/backend/users-list.html]
[themesbrand.com/toner/html/assets/js/backend/users-list.init.js]
[themesbrand.com/toner/html/assets/js/backend/shipping-list.init.js]
[themesbrand.com/toner/html/backend/shipping-list.html]
[themesbrand.com/toner/html/assets/js/backend/shipments.init.js]
[themesbrand.com/toner/html/backend/shipments.html]
[themesbrand.com/toner/html/assets/images/ecommerce/offer-banner.jpg]
[themesbrand.com/toner/html/assets/js/backend/coupons.init.js]
[themesbrand.com/toner/html/backend/coupons.html]
[themesbrand.com/toner/html/assets/libs/masonry-layout/masonry.pkgd.min.js]
[themesbrand.com/toner/html/backend/reviews-ratings.html]
[themesbrand.com/toner/html/backend/statistics.html]
[themesbrand.com/toner/html/assets/images/ecommerce/payment/american-express.png]
[themesbrand.com/toner/html/backend/transactions.html]
[themesbrand.com/toner/html/assets/js/backend/transactions.init.js]
[themesbrand.com/toner/html/assets/js/backend/currency-rates.init.js]
[themesbrand.com/toner/html/backend/currency-rates.html]
[themesbrand.com/toner/html/assets/js/pages/password-addon.init.js]
[themesbrand.com/toner/html/backend/auth-signup-basic.html]
[themesbrand.com/toner/html/backend/auth-signin-basic.html]
[themesbrand.com/toner/html/backend/auth-pass-reset-basic.html]
[themesbrand.com/toner/html/assets/js/pages/passowrd-create.init.js]
[themesbrand.com/toner/html/backend/auth-pass-change-basic.html]
[themesbrand.com/toner/html/backend/auth-success-msg-basic.html]
[themesbrand.com/toner/html/assets/js/pages/two-step-verification.init.js]
[themesbrand.com/toner/html/backend/auth-twostep-basic.html]
[themesbrand.com/toner/html/assets/images/error400.png]
[themesbrand.com/toner/html/backend/auth-404.html]
[themesbrand.com/toner/html/assets/images/error500.png]
[themesbrand.com/toner/html/backend/auth-500.html]
[themesbrand.com/toner/html/assets/images/comingsoon.png]
[themesbrand.com/toner/html/backend/coming-soon.html]
[themesbrand.com/toner/html/assets/js/pages/coming-soon.init.js]
[themesbrand.com/assets/libs/list.js/list.min.html]
[themesbrand.com/toner/html/assets/libs/nouislider/nouislider.min.css]
[themesbrand.com/toner/html/assets/libs/gridjs/theme/mermaid.min.css]
[themesbrand.com/toner/html/assets/libs/dropzone/dropzone.css]
[themesbrand.com/toner/html/assets/libs/sweetalert2/sweetalert2.min.css]
[themesbrand.com/assets/libs/apexcharts/apexcharts.min.html]
[themesbrand.com/assets/js/backend/statistics.init.html]
